C51 COMPILER V9.60.7.0   MAIN                                                              01/28/2023 23:21:53 PAGE 1   


C51 COMPILER V9.60.7.0, COMPILATION OF MODULE MAIN
OBJECT MODULE PLACED IN .\Objects\main.obj
COMPILER INVOKED BY: C:\Keil_v5\C51\BIN\C51.EXE main.c OPTIMIZE(8,SPEED) BROWSE INCDIR(..\lib) DEBUG OBJECTEXTEND PRINT(
                    -.\Listings\main.lst) TABS(2) OBJECT(.\Objects\main.obj)

line level    source

   1          #include "reg52.h"
   2          #include "mylib.h"
   3          #include "myled.h"
   4          #include "mytube.h"
   5          #include "mykey.h"
   6          #include "mytimer.h" 
   7          
   8          unsigned char sec = 0, min = 0, msec = 0;
   9          
  10          void serviceT0() interrupt 1{
  11   1        TH0 = (65536 - 10000) / 256; 
  12   1        TH1 = (65535 - 10000) % 256;
  13   1        
  14   1        msec++;
  15   1        
  16   1        if(msec == 100){
  17   2          sec++;
  18   2          msec = 0;
  19   2          if(sec == 60){
  20   3            sec = 0;
  21   3            min++;
  22   3            if(min == 9){
  23   4              min = 0;
  24   4            }
  25   3          }
  26   2        }
  27   1      }
  28          
  29          void scanKeys(){
  30   1        if(SW1 == 0){
  31   2          delay(200);
  32   2          if(SW1 == 0){
  33   3            TR0 = 1;
  34   3            while(SW1 == 0){
  35   4              displayNumSep4_CA(sec / 10, sec % 10, msec / 10, msec % 10);
  36   4            }
  37   3          }
  38   2        }
  39   1        
  40   1        if(SW2 == 0){
  41   2          delay(200);
  42   2          if(SW2 == 0){
  43   3            TR0 = ~TR0;
  44   3            while(SW2 == 0){
  45   4              displayNumSep4_CA(sec / 10, sec % 10, msec / 10, msec % 10);
  46   4            }
  47   3          }
  48   2        }
  49   1        
  50   1        if(SW3 == 0){
  51   2          delay(200);
  52   2          if(SW3 == 0){
  53   3            min = 0, sec = 0, msec = 0;
  54   3            while(SW3 == 0){
C51 COMPILER V9.60.7.0   MAIN                                                              01/28/2023 23:21:53 PAGE 2   

  55   4              displayNumSep4_CA(sec / 10, sec % 10, msec / 10, msec % 10);
  56   4            }
  57   3          }
  58   2        }
  59   1      }
  60          
  61          void LEDDisplaying(){
  62   1        unsigned char i;
  63   1        for(i = 0; i < min; i++){
  64   2          P1 = 0xff << i;
  65   2        }
  66   1      }
  67          
  68          void main(){
  69   1        initT0(10000, 0);
  70   1        P1 = 0xff;
  71   1        while(1){
  72   2          displayNumSep4_CA(sec / 10, sec % 10, msec / 10, msec % 10);
  73   2          scanKeys();
  74   2          LEDDisplaying();
  75   2        }
  76   1      }
  77            


MODULE INFORMATION:   STATIC OVERLAYABLE
   CODE SIZE        =    292    ----
   CONSTANT SIZE    =   ----    ----
   XDATA SIZE       =   ----    ----
   PDATA SIZE       =   ----    ----
   DATA SIZE        =      3    ----
   IDATA SIZE       =   ----    ----
   BIT SIZE         =   ----    ----
END OF MODULE INFORMATION.


C51 COMPILATION COMPLETE.  0 WARNING(S),  0 ERROR(S)
