C51 COMPILER V9.60.7.0   MAIN                                                              01/31/2023 11:59:39 PAGE 1   


C51 COMPILER V9.60.7.0, COMPILATION OF MODULE MAIN
OBJECT MODULE PLACED IN .\Objects\main.obj
COMPILER INVOKED BY: C:\Keil_v5\C51\BIN\C51.EXE main.c OPTIMIZE(8,SPEED) BROWSE INCDIR(..\lib) DEBUG OBJECTEXTEND PRINT(
                    -.\Listings\main.lst) TABS(2) OBJECT(.\Objects\main.obj)

line level    source

   1          #include "reg52.h"
   2          #include "myled.h"
   3          #include "myuart.h"
   4          
   5          unsigned char cmd = 0;
   6          unsigned char flag = 0;
   7          
   8          void serviceUart() interrupt 4{
   9   1        if(RI == 1){
  10   2          RI = 0;
  11   2          cmd = SBUF;
  12   2          flag = 1;
  13   2        }
  14   1      }
  15          
  16          void controlLED(){
  17   1        switch(cmd){
  18   2          case 0xa1:
  19   2            D1 = 0;
  20   2            sendString("LED D1 now is on!\r\n");
  21   2            break;
  22   2          case 0xa2:
  23   2            D1 = 1;
  24   2            sendString("LED D1 now is off!\r\n");
  25   2            break;
  26   2          default:
  27   2            sendString("Wrong command!\r\n");
  28   2            break;
  29   2        }
  30   1      }
  31          
  32          void main(){
  33   1        initUart();
  34   1        while(1){
  35   2          if(flag == 1){
  36   3            flag = 0;
  37   3            // sendByte(++cmd);
  38   3            controlLED();
  39   3          }
  40   2        }
  41   1      }
  42            
  43            
  44            
  45            
  46            
  47            


MODULE INFORMATION:   STATIC OVERLAYABLE
   CODE SIZE        =     67    ----
   CONSTANT SIZE    =     58    ----
   XDATA SIZE       =   ----    ----
   PDATA SIZE       =   ----    ----
C51 COMPILER V9.60.7.0   MAIN                                                              01/31/2023 11:59:39 PAGE 2   

   DATA SIZE        =      2    ----
   IDATA SIZE       =   ----    ----
   BIT SIZE         =   ----    ----
END OF MODULE INFORMATION.


C51 COMPILATION COMPLETE.  0 WARNING(S),  0 ERROR(S)
